[placement.iiitb.ac.in/index.html]
[backblue.gif]
[fade.gif]
[index.html]
[ajax.googleapis.com/ajax/libs/jquery/2.2.0/jquery.min.js]
[maxcdn.bootstrapcdn.com/bootstrap/3.3.6/css/bootstrap.min.css]
[maxcdn.bootstrapcdn.com/bootstrap/3.3.6/css/bootstrap-theme.min.css]
[placement.iiitb.ac.in/index-2.html]
[maxcdn.bootstrapcdn.com/bootstrap/3.3.6/js/bootstrap.min.js]
[placement.iiitb.ac.in/mtechIT.html]
[placement.iiitb.ac.in/mtechESD.html]
[placement.iiitb.ac.in/imtech.html]
[placement.iiitb.ac.in/digisoc.html]
[placement.iiitb.ac.in/ms_research.html]
[placement.iiitb.ac.in/contact.html]
[placement.iiitb.ac.in/campus.jpg]
[placement.iiitb.ac.in/images/recruiters.jpg]
[placement.iiitb.ac.in/images/imtechBatch2.jpg]
[placement.iiitb.ac.in/campus 2.jpg]
[placement.iiitb.ac.in/images/director.jpg]
[placement.iiitb.ac.in/1.jpg]
[placement.iiitb.ac.in/images/placecom.jpg]
[placement.iiitb.ac.in/images/infra/MCR2.jpg]
[placement.iiitb.ac.in/images/achievements/swissre1.jpg]
[placement.iiitb.ac.in/img/a1.jpg]
[placement.iiitb.ac.in/img/loading.1d.delayed]
[placement.iiitb.ac.in/images/infra/2.jpg]
[placement.iiitb.ac.in/images/infra/lib.jpg]
[placement.iiitb.ac.in/images/infra/7.jpg]
[placement.iiitb.ac.in/images/infra/1.jpg]
[placement.iiitb.ac.in/images/infra/3.jpg]
[placement.iiitb.ac.in/images/infra/ESDM.jpg]
[placement.iiitb.ac.in/images/achievements/hilti.jpg]
[placement.iiitb.ac.in/images/achievements/kandy.jpg]
[placement.iiitb.ac.in/images/achievements/applift.jpg]
[placement.iiitb.ac.in/images/life.jpg]
[placement.iiitb.ac.in/img/a.jpg]
[placement.iiitb.ac.in/img/l.jpg]
[placement.iiitb.ac.in/img/b.jpg]
[placement.iiitb.ac.in/img/c.jpg]
[placement.iiitb.ac.in/img/e.jpg]
[placement.iiitb.ac.in/img/j.jpg]
[placement.iiitb.ac.in/img/m.jpg]
[placement.iiitb.ac.in/img/h.jpg]
[placement.iiitb.ac.in/js/index.html]
[placement.iiitb.ac.in/index.html]
[placement.iiitb.ac.in/assets/css/img/a17.png]
[placement.iiitb.ac.in/assets/css/slider1.css]
[placement.iiitb.ac.in/images/logo.jpg]
[placement.iiitb.ac.in/assets/css/images/bg01.png]
[placement.iiitb.ac.in/assets/css/images/bg02.png]
[placement.iiitb.ac.in/images/1.jpg]
[placement.iiitb.ac.in/assets/css/images/absurdity.png]
[placement.iiitb.ac.in/assets/css/images/bg03.png]
[placement.iiitb.ac.in/assets/css/images/bg04.png]
[placement.iiitb.ac.in/assets/css/main.css]
[placement.iiitb.ac.in/assets/css/popup.css]
[placement.iiitb.ac.in/assets/js/modernizr.custom.js]
[placement.iiitb.ac.in/assets/js/jssor.slider.min.js]
[placement.iiitb.ac.in/assets/js/slider1.js]
[placement.iiitb.ac.in/assets/js/slider2.js]
[placement.iiitb.ac.in/assets/js/slider3.js]
[maxcdn.bootstrapcdn.com/bootstrap/3.3.6/css/bootstrap.min.css]
[maxcdn.bootstrapcdn.com/bootstrap/3.3.6/css/bootstrap-theme.min.css]
[placement.iiitb.ac.in/index-2.html]
[ajax.googleapis.com/ajax/libs/jquery/1.12.2/jquery.min.js]
[placement.iiitb.ac.in/images/webScience.png]
[placement.iiitb.ac.in/images/csl.jpg]
[placement.iiitb.ac.in/images/hides.jpg]
[placement.iiitb.ac.in/images/ceems.jpg]
[placement.iiitb.ac.in/images/networkLab.jpg]
[placement.iiitb.ac.in/mtechIT.html]
[placement.iiitb.ac.in/mtechESD.html]
[placement.iiitb.ac.in/images/Hackathons.jpg]
[placement.iiitb.ac.in/images/research.jpg]
[placement.iiitb.ac.in/images/girlTeam.jpg]
[placement.iiitb.ac.in/imtech.html]
[placement.iiitb.ac.in/comp_sci.html]
[placement.iiitb.ac.in/data_sci.html]
[placement.iiitb.ac.in/net_com.html]
[placement.iiitb.ac.in/soft_eng.html]
[placement.iiitb.ac.in/soc.html]
[placement.iiitb.ac.in/digisoc.html]
[placement.iiitb.ac.in/embedded.html]
[placement.iiitb.ac.in/ms_research.html]
[embedmaps.com/google-maps-authorization/script.5c5b1f.delayed]
[placement.iiitb.ac.in/contact.html]
[placement.iiitb.ac.in/images/placecom.jpg]
[placement.iiitb.ac.in/img/loading.html]
[placement.iiitb.ac.in/images/infra/2.jpg]
[placement.iiitb.ac.in/images/infra/7.jpg]
[placement.iiitb.ac.in/images/infra/1.jpg]
[placement.iiitb.ac.in/images/infra/3.jpg]
[placement.iiitb.ac.in/assets/js/classie.js]
[placement.iiitb.ac.in/assets/js/modalEffects.js]
[placement.iiitb.ac.in/js/index.html]
[placement.iiitb.ac.in/images/achievements/kandy.jpg]
[placement.iiitb.ac.in/Missing URL in @import rule.5d.delayed]
[placement.iiitb.ac.in/assets/js/cssParser.js]
[placement.iiitb.ac.in/GET]
[placement.iiitb.ac.in/assets/js/css-filters-polyfill.js]
[placement.iiitb.ac.in/js/css-filters-polyfill/index.html]
[placement.iiitb.ac.in/assets/js/jquery.min.js]
[placement.iiitb.ac.in/assets/js/jquery.dropotron.min.js]
[placement.iiitb.ac.in/assets/js/skel.min.js]
[placement.iiitb.ac.in/assets/js/skel-viewport.min.js]
[placement.iiitb.ac.in/assets/js/util.js]
[placement.iiitb.ac.in/assets/js/main.js]
[placement.iiitb.ac.in/assets/css/img/a17.html]
[placement.iiitb.ac.in/assets/fonts/fontawesome-webfont93e3.eot]
[placement.iiitb.ac.in/assets/fonts/fontawesome-webfontd41d.eot]
[placement.iiitb.ac.in/assets/fonts/fontawesome-webfont93e3.woff2]
[placement.iiitb.ac.in/assets/fonts/fontawesome-webfont93e3.woff]
[placement.iiitb.ac.in/assets/fonts/fontawesome-webfont93e3.ttf]
[placement.iiitb.ac.in/assets/css/font-awesome.min.css]
[placement.iiitb.ac.in/assets/css/images/absurdity.html]
[placement.iiitb.ac.in/assets/css/tabs.css]
[placement.iiitb.ac.in/assets/css/popupm.css]
[placement.iiitb.ac.in/images/hides.jpg]
[placement.iiitb.ac.in/images/ceems.jpg]
[placement.iiitb.ac.in/digisoc_files/css.css]
[placement.iiitb.ac.in/digisoc_files/css_002.css]
[placement.iiitb.ac.in/digisoc_files/jquery.js]
[placement.iiitb.ac.in/digisoc_files/jquery_002.js]
[placement.iiitb.ac.in/digisoc_files/skel.js]
[placement.iiitb.ac.in/digisoc_files/skel-viewport.js]
[placement.iiitb.ac.in/digisoc_files/util.js]
[placement.iiitb.ac.in/digisoc_files/main.js]
[placement.iiitb.ac.in/images/pic08.65.delayed]
[placement.iiitb.ac.in/comp_sci.html]
[placement.iiitb.ac.in/data_sci.html]
[placement.iiitb.ac.in/net_com.html]
[placement.iiitb.ac.in/soft_eng.html]
[placement.iiitb.ac.in/soc.html]
[placement.iiitb.ac.in/embedded.html]
[embedmaps.com/google-maps-authorization/script5b1f.html]
[placement.iiitb.ac.in/images/placecom.jpg]
[placement.iiitb.ac.in/images/infra/2.jpg]
[placement.iiitb.ac.in/images/infra/7.jpg]
[placement.iiitb.ac.in/Missing URL in @import rule.html]
[placement.iiitb.ac.in/GET.html]
[placement.iiitb.ac.in/js/css-filters-polyfill/index.html]
[placement.iiitb.ac.in/assets/fonts/fontawesome-webfont93e3.svg]
[placement.iiitb.ac.in/images/pic08.html]
